2026-09-16 13:56:26.835 [info] [main] Log level: Info
2026-09-16 13:56:26.835 [info] [main] Validating found git in: "git"
2026-09-16 13:56:26.835 [info] [main] Using git "2.43.0" from "git"
2026-09-16 13:56:26.835 [info] [Model][doInitialScan] Initial repository scan started
2026-09-16 13:56:26.835 [info] > git rev-parse --show-toplevel [18ms]
2026-09-16 13:56:26.835 [info] > git rev-parse --git-dir --git-common-dir --show-superproject-working-tree [78ms]
2026-09-16 13:56:27.036 [info] [Model][openRepository] Opened repository (path): /home/sshravyaharikant
2026-09-16 13:56:27.036 [info] [Model][openRepository] Opened repository (real path): /home/sshravyaharikant
2026-09-16 13:56:27.036 [info] [Model][openRepository] Opened repository (kind): repository
2026-09-16 13:56:27.215 [info] > git config --get --local core.virtualfilesystem [150ms]
2026-09-16 13:56:27.215 [warning] [Git][config] git config failed: Failed to execute git
2026-09-16 13:56:27.221 [info] > git rev-parse --show-toplevel [26ms]
2026-09-16 13:56:27.222 [info] > git config --get commit.template [38ms]
2026-09-16 13:56:27.256 [info] > git rev-parse --show-toplevel [20ms]
2026-09-16 13:56:27.260 [info] > git for-each-ref --format=%(refname)%00%(upstream:short)%00%(objectname)%00%(upstream:track)%00%(upstream:remotename)%00%(upstream:remoteref) refs/heads/main refs/remotes/main [11ms]
2026-09-16 13:56:27.274 [info] > git rev-parse --show-toplevel [4ms]
2026-09-16 13:56:27.335 [info] > git for-each-ref --sort -committerdate --format %(refname)%00%(objectname)%00%(*objectname) [18ms]
2026-09-16 13:56:27.347 [info] > git rev-parse --show-toplevel [64ms]
2026-09-16 13:56:27.417 [info] > git status -z -uall [123ms]
2026-09-16 13:56:27.423 [info] > git rev-parse --show-toplevel [47ms]
2026-09-16 13:56:27.556 [info] > git for-each-ref --format=%(refname)%00%(upstream:short)%00%(objectname)%00%(upstream:track)%00%(upstream:remotename)%00%(upstream:remoteref) refs/heads/main refs/remotes/main [56ms]
2026-09-16 13:56:27.580 [info] > git config --get --local branch.main.vscode-merge-base [18ms]
2026-09-16 13:56:27.580 [warning] [Git][config] git config failed: Failed to execute git
2026-09-16 13:56:27.586 [info] > git config --get commit.template [51ms]
2026-09-16 13:56:27.586 [info] > git rev-parse --show-toplevel [61ms]
2026-09-16 13:56:27.602 [info] > git reflog main --grep-reflog=branch: Created from *. [17ms]
2026-09-16 13:56:27.610 [info] > git for-each-ref --format=%(refname)%00%(upstream:short)%00%(objectname)%00%(upstream:track)%00%(upstream:remotename)%00%(upstream:remoteref) refs/heads/main refs/remotes/main [10ms]
2026-09-16 13:56:27.610 [info] > git rev-parse --show-toplevel [15ms]
2026-09-16 13:56:27.618 [info] > git symbolic-ref --short refs/remotes/origin/HEAD [11ms]
2026-09-16 13:56:27.618 [info] fatal: ref refs/remotes/origin/HEAD is not a symbolic ref
2026-09-16 13:56:27.618 [warning] [Repository][getDefaultBranch] Failed to get default branch details: Failed to execute git.
2026-09-16 13:56:27.629 [info] > git rev-parse --show-toplevel [12ms]
2026-09-16 13:56:27.661 [info] > git rev-parse --show-toplevel [25ms]
2026-09-16 13:56:27.662 [info] > git merge-base refs/heads/main refs/remotes/origin/main [36ms]
2026-09-16 13:56:27.681 [info] > git status -z -uall [39ms]
2026-09-16 13:56:27.682 [info] > git for-each-ref --sort -committerdate --format %(refname)%00%(objectname)%00%(*objectname) [32ms]
2026-09-16 13:56:27.708 [info] > git merge-base refs/heads/main refs/remotes/origin/main [14ms]
2026-09-16 13:56:27.718 [info] > git rev-parse --show-toplevel [39ms]
2026-09-16 13:56:27.719 [info] [Model][doInitialScan] Initial repository scan completed - repositories (1), closed repositories (0), parent repositories (0), unsafe repositories (0)
2026-09-16 13:56:27.719 [info] > git diff --raw --numstat --diff-filter=ADMR -z --find-renames=50% 3e64c91d306f5f57969b4d030dc1a2c02272030a...refs/remotes/origin/main -- [48ms]
2026-09-16 13:56:27.723 [info] > git diff --raw --numstat --diff-filter=ADMR -z --find-renames=50% 3e64c91d306f5f57969b4d030dc1a2c02272030a...refs/remotes/origin/main -- [6ms]
2026-09-16 13:56:27.743 [info] > git check-ignore -v -z --stdin [11ms]
2026-09-16 13:56:27.865 [info] > git show --textconv :static/style.css [10ms]
2026-09-16 13:56:27.869 [info] > git ls-files --stage -- static/style.css [5ms]
2026-09-16 13:56:27.883 [info] > git cat-file -s 86cfe122210b15ae44917886468d3c7d0cbbd10a [5ms]
2026-09-16 13:56:27.900 [info] > git check-ignore -v -z --stdin [4ms]
2026-09-16 13:56:28.801 [info] > git check-ignore -v -z --stdin [17ms]
2026-09-16 13:56:28.847 [info] > git blame --root --incremental 3e64c91d306f5f57969b4d030dc1a2c02272030a -- static/style.css [10ms]
2026-09-16 13:56:32.982 [info] > git check-ignore -v -z --stdin [12ms]
2026-09-16 13:56:39.135 [info] > git config --get commit.template [549ms]
2026-09-16 13:56:40.463 [info] > git for-each-ref --format=%(refname)%00%(upstream:short)%00%(objectname)%00%(upstream:track)%00%(upstream:remotename)%00%(upstream:remoteref) refs/heads/main refs/remotes/main [1230ms]
2026-09-16 13:56:47.678 [info] > git check-ignore -v -z --stdin [6439ms]
2026-09-16 13:56:47.830 [info] > git status -z -uall [134ms]
2026-09-16 13:56:47.833 [info] > git for-each-ref --sort -committerdate --format %(refname)%00%(objectname)%00%(*objectname) [120ms]
2026-09-16 13:56:48.458 [info] > git check-ignore -v -z --stdin [115ms]
2026-09-16 13:56:49.185 [info] > git show --textconv :app.py [48ms]
2026-09-16 13:56:49.236 [info] > git ls-files --stage -- app.py [75ms]
2026-09-16 13:56:49.309 [info] > git cat-file -s 97f372966574e4f49815d67dbbc143ad7e75ccfa [32ms]
2026-09-16 13:56:49.785 [info] > git check-ignore -v -z --stdin [19ms]
2026-09-16 13:56:49.980 [info] > git show --textconv :templates/index.html [55ms]
2026-09-16 13:56:49.993 [info] > git ls-files --stage -- templates/index.html [27ms]
2026-09-16 13:56:50.066 [info] > git cat-file -s b5998900f5c66a871818f780d5f5f435ec962fca [14ms]
2026-09-16 13:56:50.559 [info] > git blame --root --incremental 3e64c91d306f5f57969b4d030dc1a2c02272030a -- templates/index.html [43ms]
2026-09-16 13:59:26.766 [info] > git config --get commit.template [2ms]
2026-09-16 13:59:26.782 [info] > git for-each-ref --format=%(refname)%00%(upstream:short)%00%(objectname)%00%(upstream:track)%00%(upstream:remotename)%00%(upstream:remoteref) refs/heads/main refs/remotes/main [3ms]
2026-09-16 13:59:26.820 [info] > git status -z -uall [26ms]
2026-09-16 13:59:26.820 [info] > git for-each-ref --sort -committerdate --format %(refname)%00%(objectname)%00%(*objectname) [9ms]
2026-09-16 13:59:26.861 [info] > git merge-base refs/heads/main refs/remotes/origin/main [5ms]
2026-09-16 13:59:26.876 [info] > git blame --root --incremental 944684ba9379589aa0c4d0f13aa41652d66f626b -- templates/index.html [33ms]
2026-09-16 13:59:26.892 [info] > git diff --raw --numstat --diff-filter=ADMR -z --find-renames=50% 3e64c91d306f5f57969b4d030dc1a2c02272030a...refs/remotes/origin/main -- [16ms]
2026-09-16 13:59:26.895 [info] > git ls-files --stage -- templates/index.html [4ms]
2026-09-16 13:59:26.907 [info] > git cat-file -s 10dd7576d7c7c90d40b2402e5563f184ada66865 [2ms]
2026-09-16 13:59:27.201 [info] > git show --textconv :templates/index.html [4ms]
2026-09-16 13:59:27.827 [info] > git check-ignore -v -z --stdin [5ms]
2026-09-16 13:59:29.441 [info] > git check-ignore -v -z --stdin [6ms]
2026-09-16 13:59:29.628 [info] > git show --textconv :app.py [24ms]
2026-09-16 13:59:29.634 [info] > git ls-files --stage -- app.py [9ms]
2026-09-16 13:59:29.658 [info] > git cat-file -s 100fc7f0287c56a2fbe94d4c5e24aed43e5ff5f8 [5ms]
2026-09-16 13:59:29.824 [info] > git blame --root --incremental 944684ba9379589aa0c4d0f13aa41652d66f626b -- app.py [4ms]
2026-09-16 13:59:39.634 [info] > git config --get commit.template [15ms]
2026-09-16 13:59:39.638 [info] > git for-each-ref --format=%(refname)%00%(upstream:short)%00%(objectname)%00%(upstream:track)%00%(upstream:remotename)%00%(upstream:remoteref) refs/heads/main refs/remotes/main [4ms]
2026-09-16 13:59:39.672 [info] > git for-each-ref --sort -committerdate --format %(refname)%00%(objectname)%00%(*objectname) [4ms]
2026-09-16 13:59:39.675 [info] > git status -z -uall [26ms]
2026-09-16 13:59:40.218 [info] > git check-ignore -v -z --stdin [3ms]
2026-09-16 13:59:42.794 [info] > git check-ignore -v -z --stdin [4ms]
2026-09-16 13:59:44.704 [info] > git config --get commit.template [14ms]
2026-09-16 13:59:44.706 [info] > git for-each-ref --format=%(refname)%00%(upstream:short)%00%(objectname)%00%(upstream:track)%00%(upstream:remotename)%00%(upstream:remoteref) refs/heads/main refs/remotes/main [3ms]
2026-09-16 13:59:44.740 [info] > git for-each-ref --sort -committerdate --format %(refname)%00%(objectname)%00%(*objectname) [4ms]
2026-09-16 13:59:44.742 [info] > git status -z -uall [25ms]
2026-09-16 13:59:46.034 [info] > git check-ignore -v -z --stdin [4ms]
2026-09-16 14:00:43.103 [info] > git config --get commit.template [13ms]
2026-09-16 14:00:43.106 [info] > git for-each-ref --format=%(refname)%00%(upstream:short)%00%(objectname)%00%(upstream:track)%00%(upstream:remotename)%00%(upstream:remoteref) refs/heads/main refs/remotes/main [4ms]
2026-09-16 14:00:43.139 [info] > git status -z -uall [22ms]
2026-09-16 14:00:43.140 [info] > git for-each-ref --sort -committerdate --format %(refname)%00%(objectname)%00%(*objectname) [7ms]
2026-09-16 14:00:43.841 [info] > git check-ignore -v -z --stdin [6ms]
2026-09-16 14:00:47.464 [info] > git check-ignore -v -z --stdin [3ms]
2026-09-16 14:00:48.178 [info] > git config --get commit.template [19ms]
2026-09-16 14:00:48.181 [info] > git for-each-ref --format=%(refname)%00%(upstream:short)%00%(objectname)%00%(upstream:track)%00%(upstream:remotename)%00%(upstream:remoteref) refs/heads/main refs/remotes/main [5ms]
2026-09-16 14:00:48.242 [info] > git status -z -uall [31ms]
2026-09-16 14:00:48.242 [info] > git for-each-ref --sort -committerdate --format %(refname)%00%(objectname)%00%(*objectname) [9ms]
2026-09-16 14:00:49.352 [info] > git check-ignore -v -z --stdin [3ms]
2026-09-16 14:00:50.792 [info] > git check-ignore -v -z --stdin [3ms]
2026-09-16 14:00:51.020 [info] > git show --textconv :templates/index.html [13ms]
2026-09-16 14:00:51.022 [info] > git ls-files --stage -- templates/index.html [4ms]
2026-09-16 14:00:51.035 [info] > git cat-file -s 10dd7576d7c7c90d40b2402e5563f184ada66865 [3ms]
2026-09-16 14:01:01.885 [info] > git for-each-ref --format=%(refname)%00%(upstream:short)%00%(objectname)%00%(upstream:track)%00%(upstream:remotename)%00%(upstream:remoteref) refs/heads/main refs/remotes/main [5ms]
2026-09-16 14:01:01.886 [info] > git config --get commit.template [18ms]
2026-09-16 14:01:01.922 [info] > git for-each-ref --sort -committerdate --format %(refname)%00%(objectname)%00%(*objectname) [5ms]
2026-09-16 14:01:01.924 [info] > git status -z -uall [25ms]
2026-09-16 14:01:02.615 [info] > git check-ignore -v -z --stdin [4ms]
2026-09-16 14:01:06.944 [info] > git config --get commit.template [3ms]
2026-09-16 14:01:06.958 [info] > git for-each-ref --format=%(refname)%00%(upstream:short)%00%(objectname)%00%(upstream:track)%00%(upstream:remotename)%00%(upstream:remoteref) refs/heads/main refs/remotes/main [2ms]
2026-09-16 14:01:06.994 [info] > git status -z -uall [24ms]
2026-09-16 14:01:06.997 [info] > git for-each-ref --sort -committerdate --format %(refname)%00%(objectname)%00%(*objectname) [4ms]
2026-09-16 14:01:07.591 [info] > git check-ignore -v -z --stdin [4ms]
2026-09-16 14:01:08.509 [info] > git check-ignore -v -z --stdin [4ms]
2026-09-16 14:01:15.998 [info] > git config --get commit.template [15ms]
2026-09-16 14:01:16.000 [info] > git for-each-ref --format=%(refname)%00%(upstream:short)%00%(objectname)%00%(upstream:track)%00%(upstream:remotename)%00%(upstream:remoteref) refs/heads/main refs/remotes/main [3ms]
2026-09-16 14:01:16.034 [info] > git for-each-ref --sort -committerdate --format %(refname)%00%(objectname)%00%(*objectname) [5ms]
2026-09-16 14:01:16.038 [info] > git status -z -uall [27ms]
2026-09-16 14:01:16.629 [info] > git check-ignore -v -z --stdin [3ms]
2026-09-16 14:01:17.843 [info] > git check-ignore -v -z --stdin [3ms]
2026-09-16 14:01:17.974 [info] > git show --textconv :static/style.css [14ms]
2026-09-16 14:01:17.976 [info] > git ls-files --stage -- static/style.css [5ms]
2026-09-16 14:01:17.991 [info] > git cat-file -s 4d2196731cc2c2773e40d82cccfb29f124b3c38d [4ms]
2026-09-16 14:01:18.109 [info] > git blame --root --incremental 944684ba9379589aa0c4d0f13aa41652d66f626b -- static/style.css [4ms]
2026-09-16 14:01:20.148 [info] > git check-ignore -v -z --stdin [5ms]
2026-09-16 14:01:21.070 [info] > git config --get commit.template [14ms]
2026-09-16 14:01:21.072 [info] > git for-each-ref --format=%(refname)%00%(upstream:short)%00%(objectname)%00%(upstream:track)%00%(upstream:remotename)%00%(upstream:remoteref) refs/heads/main refs/remotes/main [4ms]
2026-09-16 14:01:21.117 [info] > git status -z -uall [34ms]
2026-09-16 14:01:21.117 [info] > git for-each-ref --sort -committerdate --format %(refname)%00%(objectname)%00%(*objectname) [8ms]
2026-09-16 14:01:21.724 [info] > git check-ignore -v -z --stdin [3ms]
2026-09-16 14:02:37.027 [info] > git config --get commit.template [6ms]
2026-09-16 14:02:37.048 [info] > git for-each-ref --format=%(refname)%00%(upstream:short)%00%(objectname)%00%(upstream:track)%00%(upstream:remotename)%00%(upstream:remoteref) refs/heads/main refs/remotes/main [5ms]
2026-09-16 14:02:37.097 [info] > git for-each-ref --sort -committerdate --format %(refname)%00%(objectname)%00%(*objectname) [9ms]
2026-09-16 14:02:37.121 [info] > git status -z -uall [56ms]
2026-09-16 14:02:37.751 [info] > git check-ignore -v -z --stdin [4ms]
2026-09-16 14:02:40.516 [info] > git check-ignore -v -z --stdin [4ms]
2026-09-16 14:02:40.675 [info] > git show --textconv :app.py [23ms]
2026-09-16 14:02:40.677 [info] > git ls-files --stage -- app.py [6ms]
2026-09-16 14:02:40.697 [info] > git cat-file -s 100fc7f0287c56a2fbe94d4c5e24aed43e5ff5f8 [5ms]
2026-09-16 14:02:42.153 [info] > git config --get commit.template [14ms]
2026-09-16 14:02:42.157 [info] > git for-each-ref --format=%(refname)%00%(upstream:short)%00%(objectname)%00%(upstream:track)%00%(upstream:remotename)%00%(upstream:remoteref) refs/heads/main refs/remotes/main [5ms]
2026-09-16 14:02:42.220 [info] > git status -z -uall [49ms]
2026-09-16 14:02:42.224 [info] > git for-each-ref --sort -committerdate --format %(refname)%00%(objectname)%00%(*objectname) [13ms]
2026-09-16 14:02:42.752 [info] > git check-ignore -v -z --stdin [3ms]
2026-09-16 14:02:47.265 [info] > git config --get commit.template [21ms]
2026-09-16 14:02:47.266 [info] > git for-each-ref --format=%(refname)%00%(upstream:short)%00%(objectname)%00%(upstream:track)%00%(upstream:remotename)%00%(upstream:remoteref) refs/heads/main refs/remotes/main [7ms]
2026-09-16 14:02:47.309 [info] > git for-each-ref --sort -committerdate --format %(refname)%00%(objectname)%00%(*objectname) [8ms]
2026-09-16 14:02:47.369 [info] > git status -z -uall [85ms]
2026-09-16 14:02:47.998 [info] > git check-ignore -v -z --stdin [5ms]
2026-09-16 14:03:03.481 [info] > git config --get commit.template [3ms]
2026-09-16 14:03:03.501 [info] > git for-each-ref --format=%(refname)%00%(upstream:short)%00%(objectname)%00%(upstream:track)%00%(upstream:remotename)%00%(upstream:remoteref) refs/heads/main refs/remotes/main [8ms]
2026-09-16 14:03:03.548 [info] > git for-each-ref --sort -committerdate --format %(refname)%00%(objectname)%00%(*objectname) [7ms]
2026-09-16 14:03:03.577 [info] > git status -z -uall [56ms]
2026-09-16 14:03:04.119 [info] > git check-ignore -v -z --stdin [5ms]
2026-09-16 14:03:08.609 [info] > git config --get commit.template [15ms]
2026-09-16 14:03:08.612 [info] > git for-each-ref --format=%(refname)%00%(upstream:short)%00%(objectname)%00%(upstream:track)%00%(upstream:remotename)%00%(upstream:remoteref) refs/heads/main refs/remotes/main [4ms]
2026-09-16 14:03:08.675 [info] > git status -z -uall [49ms]
2026-09-16 14:03:08.676 [info] > git for-each-ref --sort -committerdate --format %(refname)%00%(objectname)%00%(*objectname) [8ms]
2026-09-16 14:03:09.299 [info] > git check-ignore -v -z --stdin [4ms]
2026-09-16 14:03:13.743 [info] > git config --get commit.template [39ms]
2026-09-16 14:03:13.761 [info] > git for-each-ref --format=%(refname)%00%(upstream:short)%00%(objectname)%00%(upstream:track)%00%(upstream:remotename)%00%(upstream:remoteref) refs/heads/main refs/remotes/main [19ms]
2026-09-16 14:03:13.871 [info] > git status -z -uall [81ms]
2026-09-16 14:03:13.882 [info] > git for-each-ref --sort -committerdate --format %(refname)%00%(objectname)%00%(*objectname) [14ms]
2026-09-16 14:03:14.406 [info] > git check-ignore -v -z --stdin [4ms]
2026-09-16 14:03:18.931 [info] > git config --get commit.template [18ms]
2026-09-16 14:03:18.934 [info] > git for-each-ref --format=%(refname)%00%(upstream:short)%00%(objectname)%00%(upstream:track)%00%(upstream:remotename)%00%(upstream:remoteref) refs/heads/main refs/remotes/main [5ms]
2026-09-16 14:03:18.987 [info] > git for-each-ref --sort -committerdate --format %(refname)%00%(objectname)%00%(*objectname) [4ms]
2026-09-16 14:03:19.008 [info] > git status -z -uall [56ms]
2026-09-16 14:03:19.531 [info] > git check-ignore -v -z --stdin [3ms]
2026-09-16 14:03:24.043 [info] > git config --get commit.template [15ms]
2026-09-16 14:03:24.046 [info] > git for-each-ref --format=%(refname)%00%(upstream:short)%00%(objectname)%00%(upstream:track)%00%(upstream:remotename)%00%(upstream:remoteref) refs/heads/main refs/remotes/main [4ms]
2026-09-16 14:03:24.099 [info] > git status -z -uall [38ms]
2026-09-16 14:03:24.105 [info] > git for-each-ref --sort -committerdate --format %(refname)%00%(objectname)%00%(*objectname) [7ms]
2026-09-16 14:03:24.623 [info] > git check-ignore -v -z --stdin [5ms]
2026-09-16 14:03:29.132 [info] > git config --get commit.template [7ms]
2026-09-16 14:03:29.153 [info] > git for-each-ref --format=%(refname)%00%(upstream:short)%00%(objectname)%00%(upstream:track)%00%(upstream:remotename)%00%(upstream:remoteref) refs/heads/main refs/remotes/main [7ms]
2026-09-16 14:03:29.195 [info] > git for-each-ref --sort -committerdate --format %(refname)%00%(objectname)%00%(*objectname) [5ms]
2026-09-16 14:03:29.228 [info] > git status -z -uall [58ms]
2026-09-16 14:03:29.753 [info] > git check-ignore -v -z --stdin [4ms]
2026-09-16 14:03:34.279 [info] > git for-each-ref --format=%(refname)%00%(upstream:short)%00%(objectname)%00%(upstream:track)%00%(upstream:remotename)%00%(upstream:remoteref) refs/heads/main refs/remotes/main [8ms]
2026-09-16 14:03:34.281 [info] > git config --get commit.template [29ms]
2026-09-16 14:03:34.321 [info] > git for-each-ref --sort -committerdate --format %(refname)%00%(objectname)%00%(*objectname) [5ms]
2026-09-16 14:03:34.349 [info] > git status -z -uall [54ms]
2026-09-16 14:03:34.914 [info] > git check-ignore -v -z --stdin [4ms]
2026-09-16 14:03:39.388 [info] > git config --get commit.template [15ms]
2026-09-16 14:03:39.396 [info] > git for-each-ref --format=%(refname)%00%(upstream:short)%00%(objectname)%00%(upstream:track)%00%(upstream:remotename)%00%(upstream:remoteref) refs/heads/main refs/remotes/main [10ms]
2026-09-16 14:03:39.443 [info] > git for-each-ref --sort -committerdate --format %(refname)%00%(objectname)%00%(*objectname) [7ms]
2026-09-16 14:03:39.475 [info] > git status -z -uall [63ms]
2026-09-16 14:03:40.029 [info] > git check-ignore -v -z --stdin [5ms]
2026-09-16 14:03:44.006 [info] > git check-ignore -v -z --stdin [6ms]
2026-09-16 14:03:44.513 [info] > git config --get commit.template [18ms]
2026-09-16 14:03:44.515 [info] > git for-each-ref --format=%(refname)%00%(upstream:short)%00%(objectname)%00%(upstream:track)%00%(upstream:remotename)%00%(upstream:remoteref) refs/heads/main refs/remotes/main [7ms]
2026-09-16 14:03:44.574 [info] > git for-each-ref --sort -committerdate --format %(refname)%00%(objectname)%00%(*objectname) [7ms]
2026-09-16 14:03:44.575 [info] > git status -z -uall [43ms]
2026-09-16 14:03:45.137 [info] > git check-ignore -v -z --stdin [5ms]
2026-09-16 14:03:53.487 [info] > git config --get commit.template [21ms]
2026-09-16 14:03:53.489 [info] > git for-each-ref --format=%(refname)%00%(upstream:short)%00%(objectname)%00%(upstream:track)%00%(upstream:remotename)%00%(upstream:remoteref) refs/heads/main refs/remotes/main [6ms]
2026-09-16 14:03:53.545 [info] > git status -z -uall [42ms]
2026-09-16 14:03:53.548 [info] > git for-each-ref --sort -committerdate --format %(refname)%00%(objectname)%00%(*objectname) [4ms]
2026-09-16 14:03:54.072 [info] > git check-ignore -v -z --stdin [4ms]
2026-09-16 14:03:58.572 [info] > git config --get commit.template [5ms]
2026-09-16 14:03:58.587 [info] > git for-each-ref --format=%(refname)%00%(upstream:short)%00%(objectname)%00%(upstream:track)%00%(upstream:remotename)%00%(upstream:remoteref) refs/heads/main refs/remotes/main [5ms]
2026-09-16 14:03:58.642 [info] > git status -z -uall [40ms]
2026-09-16 14:03:58.647 [info] > git for-each-ref --sort -committerdate --format %(refname)%00%(objectname)%00%(*objectname) [6ms]
2026-09-16 14:03:59.252 [info] > git check-ignore -v -z --stdin [4ms]
2026-09-16 14:04:06.246 [info] > git config --get commit.template [5ms]
2026-09-16 14:04:06.263 [info] > git for-each-ref --format=%(refname)%00%(upstream:short)%00%(objectname)%00%(upstream:track)%00%(upstream:remotename)%00%(upstream:remoteref) refs/heads/main refs/remotes/main [5ms]
2026-09-16 14:04:06.328 [info] > git status -z -uall [51ms]
2026-09-16 14:04:06.328 [info] > git for-each-ref --sort -committerdate --format %(refname)%00%(objectname)%00%(*objectname) [11ms]
2026-09-16 14:04:07.077 [info] > git check-ignore -v -z --stdin [5ms]
2026-09-16 14:04:08.581 [info] > git check-ignore -v -z --stdin [9ms]
2026-09-16 14:04:11.385 [info] > git config --get commit.template [22ms]
2026-09-16 14:04:11.398 [info] > git for-each-ref --format=%(refname)%00%(upstream:short)%00%(objectname)%00%(upstream:track)%00%(upstream:remotename)%00%(upstream:remoteref) refs/heads/main refs/remotes/main [17ms]
2026-09-16 14:04:11.456 [info] > git for-each-ref --sort -committerdate --format %(refname)%00%(objectname)%00%(*objectname) [13ms]
2026-09-16 14:04:11.463 [info] > git status -z -uall [48ms]
2026-09-16 14:04:12.070 [info] > git check-ignore -v -z --stdin [7ms]
2026-09-16 14:04:16.509 [info] > git config --get commit.template [18ms]
2026-09-16 14:04:16.510 [info] > git for-each-ref --format=%(refname)%00%(upstream:short)%00%(objectname)%00%(upstream:track)%00%(upstream:remotename)%00%(upstream:remoteref) refs/heads/main refs/remotes/main [5ms]
2026-09-16 14:04:16.574 [info] > git status -z -uall [50ms]
2026-09-16 14:04:16.577 [info] > git for-each-ref --sort -committerdate --format %(refname)%00%(objectname)%00%(*objectname) [11ms]
2026-09-16 14:04:17.177 [info] > git check-ignore -v -z --stdin [5ms]
2026-09-16 14:04:51.458 [info] > git config --get commit.template [20ms]
2026-09-16 14:04:51.459 [info] > git for-each-ref --format=%(refname)%00%(upstream:short)%00%(objectname)%00%(upstream:track)%00%(upstream:remotename)%00%(upstream:remoteref) refs/heads/main refs/remotes/main [7ms]
2026-09-16 14:04:51.494 [info] > git for-each-ref --sort -committerdate --format %(refname)%00%(objectname)%00%(*objectname) [5ms]
2026-09-16 14:04:51.517 [info] > git status -z -uall [43ms]
2026-09-16 14:04:52.123 [info] > git check-ignore -v -z --stdin [4ms]
2026-09-16 14:04:56.561 [info] > git config --get commit.template [18ms]
2026-09-16 14:04:56.564 [info] > git for-each-ref --format=%(refname)%00%(upstream:short)%00%(objectname)%00%(upstream:track)%00%(upstream:remotename)%00%(upstream:remoteref) refs/heads/main refs/remotes/main [5ms]
2026-09-16 14:04:56.612 [info] > git for-each-ref --sort -committerdate --format %(refname)%00%(objectname)%00%(*objectname) [9ms]
2026-09-16 14:04:56.639 [info] > git status -z -uall [58ms]
2026-09-16 14:04:57.206 [info] > git check-ignore -v -z --stdin [4ms]
2026-09-16 14:05:01.706 [info] > git config --get commit.template [40ms]
2026-09-16 14:05:01.709 [info] > git for-each-ref --format=%(refname)%00%(upstream:short)%00%(objectname)%00%(upstream:track)%00%(upstream:remotename)%00%(upstream:remoteref) refs/heads/main refs/remotes/main [6ms]
2026-09-16 14:05:01.793 [info] > git status -z -uall [65ms]
2026-09-16 14:05:01.800 [info] > git for-each-ref --sort -committerdate --format %(refname)%00%(objectname)%00%(*objectname) [8ms]
2026-09-16 14:05:02.334 [info] > git check-ignore -v -z --stdin [4ms]
2026-09-16 14:05:06.836 [info] > git config --get commit.template [17ms]
2026-09-16 14:05:06.839 [info] > git for-each-ref --format=%(refname)%00%(upstream:short)%00%(objectname)%00%(upstream:track)%00%(upstream:remotename)%00%(upstream:remoteref) refs/heads/main refs/remotes/main [4ms]
2026-09-16 14:05:06.879 [info] > git for-each-ref --sort -committerdate --format %(refname)%00%(objectname)%00%(*objectname) [8ms]
2026-09-16 14:05:06.906 [info] > git status -z -uall [53ms]
2026-09-16 14:05:07.561 [info] > git check-ignore -v -z --stdin [3ms]
2026-09-16 14:05:12.983 [info] > git check-ignore -v -z --stdin [10ms]
2026-09-16 14:05:15.665 [info] > git config --get commit.template [19ms]
2026-09-16 14:05:15.668 [info] > git for-each-ref --format=%(refname)%00%(upstream:short)%00%(objectname)%00%(upstream:track)%00%(upstream:remotename)%00%(upstream:remoteref) refs/heads/main refs/remotes/main [6ms]
2026-09-16 14:05:15.740 [info] > git status -z -uall [56ms]
2026-09-16 14:05:15.740 [info] > git for-each-ref --sort -committerdate --format %(refname)%00%(objectname)%00%(*objectname) [8ms]
2026-09-16 14:05:16.362 [info] > git check-ignore -v -z --stdin [5ms]
2026-09-16 14:05:45.438 [info] > git config --get commit.template [21ms]
2026-09-16 14:05:45.441 [info] > git for-each-ref --format=%(refname)%00%(upstream:short)%00%(objectname)%00%(upstream:track)%00%(upstream:remotename)%00%(upstream:remoteref) refs/heads/main refs/remotes/main [4ms]
2026-09-16 14:05:45.493 [info] > git for-each-ref --sort -committerdate --format %(refname)%00%(objectname)%00%(*objectname) [10ms]
2026-09-16 14:05:45.519 [info] > git status -z -uall [61ms]
2026-09-16 14:05:46.174 [info] > git check-ignore -v -z --stdin [4ms]
2026-09-16 14:05:50.552 [info] > git config --get commit.template [5ms]
2026-09-16 14:05:50.572 [info] > git for-each-ref --format=%(refname)%00%(upstream:short)%00%(objectname)%00%(upstream:track)%00%(upstream:remotename)%00%(upstream:remoteref) refs/heads/main refs/remotes/main [5ms]
2026-09-16 14:05:50.631 [info] > git for-each-ref --sort -committerdate --format %(refname)%00%(objectname)%00%(*objectname) [10ms]
2026-09-16 14:05:50.651 [info] > git status -z -uall [59ms]
2026-09-16 14:05:51.265 [info] > git check-ignore -v -z --stdin [6ms]
2026-09-16 14:06:05.708 [info] > git check-ignore -v -z --stdin [6ms]
