Initializing document watcher...
Document watcher initialized
sshravyaharikant/templates/index.html: {"tabSize":4,"indentSize":4,"insertSpaces":true,"cursorStyle":1,"lineNumbers":1}
sshravyaharikant/templates/index.html: Using EditorConfig core...
templates/index.html: Target charset is not set
sshravyaharikant/app.py: {"tabSize":4,"indentSize":4,"insertSpaces":true,"cursorStyle":1,"lineNumbers":1}
sshravyaharikant/app.py: Using EditorConfig core...
app.py: Target charset is not set
sshravyaharikant/templates/index.html: {"tabSize":4,"indentSize":4,"insertSpaces":true,"cursorStyle":1,"lineNumbers":1}
sshravyaharikant/templates/index.html: Using EditorConfig core...
templates/index.html: Target charset is not set
sshravyaharikant/templates/index.html: {"tabSize":4,"indentSize":4,"insertSpaces":true,"cursorStyle":1,"lineNumbers":1}
sshravyaharikant/templates/index.html: {"tabSize":4,"indentSize":4,"insertSpaces":true,"cursorStyle":1,"lineNumbers":1}
sshravyaharikant/app.py: {"tabSize":4,"indentSize":4,"insertSpaces":true,"cursorStyle":1,"lineNumbers":1}
sshravyaharikant/app.py: Using EditorConfig core...
app.py: Target charset is not set
sshravyaharikant/app.py: {"tabSize":4,"indentSize":4,"insertSpaces":true,"cursorStyle":1,"lineNumbers":1}
sshravyaharikant/app.py: Using EditorConfig core...
sshravyaharikant/app.py: Using EditorConfig core...
app.py: Target charset is not set
sshravyaharikant/app.py: Using EditorConfig core...
sshravyaharikant/app.py: Using EditorConfig core...
app.py: Target charset is not set
sshravyaharikant/app.py: {"tabSize":4,"indentSize":4,"insertSpaces":true,"cursorStyle":1,"lineNumbers":1}
sshravyaharikant/app.py: {"tabSize":4,"indentSize":4,"insertSpaces":true,"cursorStyle":1,"lineNumbers":1}
sshravyaharikant/app.py: Using EditorConfig core...
sshravyaharikant/app.py: Using EditorConfig core...
app.py: Target charset is not set
sshravyaharikant/templates/index.html: {"tabSize":4,"indentSize":4,"insertSpaces":true,"cursorStyle":1,"lineNumbers":1}
sshravyaharikant/templates/index.html: Using EditorConfig core...
templates/index.html: Target charset is not set
sshravyaharikant/templates/index.html: {"tabSize":4,"indentSize":4,"insertSpaces":true,"cursorStyle":1,"lineNumbers":1}
sshravyaharikant/templates/index.html: Using EditorConfig core...
sshravyaharikant/templates/index.html: Using EditorConfig core...
templates/index.html: Target charset is not set
sshravyaharikant/templates/index.html: {"tabSize":4,"indentSize":4,"insertSpaces":true,"cursorStyle":1,"lineNumbers":1}
sshravyaharikant/static/style.css: {"tabSize":4,"indentSize":4,"insertSpaces":true,"cursorStyle":1,"lineNumbers":1}
sshravyaharikant/static/style.css: Using EditorConfig core...
static/style.css: Target charset is not set
sshravyaharikant/static/style.css: Using EditorConfig core...
sshravyaharikant/static/style.css: Using EditorConfig core...
static/style.css: Target charset is not set
sshravyaharikant/static/style.css: {"tabSize":4,"indentSize":4,"insertSpaces":true,"cursorStyle":1,"lineNumbers":1}
sshravyaharikant/app.py: {"tabSize":4,"indentSize":4,"insertSpaces":true,"cursorStyle":1,"lineNumbers":1}
sshravyaharikant/app.py: Using EditorConfig core...
sshravyaharikant/app.py: {}
app.py: Target charset is not set
sshravyaharikant/app.py: {"tabSize":4,"indentSize":4,"insertSpaces":true,"cursorStyle":1,"lineNumbers":1}
sshravyaharikant/app.py: {"tabSize":4,"indentSize":4,"insertSpaces":true,"cursorStyle":1,"lineNumbers":1}
sshravyaharikant/app.py: {"tabSize":4,"indentSize":4,"insertSpaces":true,"cursorStyle":1,"lineNumbers":1}
sshravyaharikant/app.py: Using EditorConfig core...
sshravyaharikant/app.py: Using EditorConfig core...
app.py: Target charset is not set
sshravyaharikant/app.py: {"tabSize":4,"indentSize":4,"insertSpaces":true,"cursorStyle":1,"lineNumbers":1}
sshravyaharikant/app.py: Using EditorConfig core...
sshravyaharikant/app.py: Using EditorConfig core...
app.py: Target charset is not set
sshravyaharikant/app.py: {"tabSize":4,"indentSize":4,"insertSpaces":true,"cursorStyle":1,"lineNumbers":1}
sshravyaharikant/app.py: Using EditorConfig core...
sshravyaharikant/app.py: Using EditorConfig core...
app.py: Target charset is not set
sshravyaharikant/app.py: {"tabSize":4,"indentSize":4,"insertSpaces":true,"cursorStyle":1,"lineNumbers":1}
sshravyaharikant/app.py: Using EditorConfig core...
sshravyaharikant/app.py: Using EditorConfig core...
app.py: Target charset is not set
