Initializing document watcher...
Document watcher initialized
sshravyaharikant/requirements.txt: Using EditorConfig core...
sshravyaharikant/requirements.txt: {"tabSize":4,"indentSize":4,"insertSpaces":true,"cursorStyle":1,"lineNumbers":1}
sshravyaharikant/requirements.txt: Using EditorConfig core...
requirements.txt: Target charset is not set
sshravyaharikant/requirements.txt: Using EditorConfig core...
requirements.txt: Target charset is not set
sshravyaharikant/requirements.txt: {"tabSize":4,"indentSize":4,"insertSpaces":true,"cursorStyle":1,"lineNumbers":1}
sshravyaharikant/requirements.txt: {"tabSize":4,"indentSize":4,"insertSpaces":true,"cursorStyle":1,"lineNumbers":1}
sshravyaharikant/model.py: {"tabSize":4,"indentSize":4,"insertSpaces":true,"cursorStyle":1,"lineNumbers":1}
sshravyaharikant/model.py: Using EditorConfig core...
model.py: Target charset is not set
sshravyaharikant/model.py: Using EditorConfig core...
sshravyaharikant/model.py: Using EditorConfig core...
model.py: Target charset is not set
sshravyaharikant/model.py: {"tabSize":4,"indentSize":4,"insertSpaces":true,"cursorStyle":1,"lineNumbers":1}
sshravyaharikant/app.py: {"tabSize":4,"indentSize":4,"insertSpaces":true,"cursorStyle":1,"lineNumbers":1}
sshravyaharikant/app.py: Using EditorConfig core...
app.py: Target charset is not set
sshravyaharikant/app.py: Using EditorConfig core...
sshravyaharikant/app.py: Using EditorConfig core...
app.py: Target charset is not set
sshravyaharikant/templates/index.html: Using EditorConfig core...
sshravyaharikant/templates/index.html: {}
sshravyaharikant/templates/index.html: {"tabSize":4,"indentSize":4,"insertSpaces":true,"cursorStyle":1,"lineNumbers":1}
sshravyaharikant/templates/index.html: Using EditorConfig core...
templates/index.html: Target charset is not set
sshravyaharikant/templates/index.html: Using EditorConfig core...
templates/index.html: Target charset is not set
sshravyaharikant/templates/index.html: {"tabSize":4,"indentSize":4,"insertSpaces":true,"cursorStyle":1,"lineNumbers":1}
sshravyaharikant/app.yaml: {"tabSize":2,"indentSize":2,"insertSpaces":true,"cursorStyle":1,"lineNumbers":1}
sshravyaharikant/app.yaml: Using EditorConfig core...
app.yaml: Target charset is not set
sshravyaharikant/app.yaml: Using EditorConfig core...
sshravyaharikant/app.yaml: Using EditorConfig core...
app.yaml: Target charset is not set
sshravyaharikant/app.yaml: {"tabSize":2,"indentSize":2,"insertSpaces":true,"cursorStyle":1,"lineNumbers":1}
